// Jest Snapshot v1, https://goo.gl/fbAQLP

exports[`/Users/rhys/src/renovatebot/renovate/lib/manager/npm/update/package-version .bumpPackageVersion() increments 1`] = `"{\\"name\\":\\"some-package\\",\\"version\\":\\"0.0.3\\",\\"dependencies\\":{\\"chalk\\":\\"2.4.2\\"}}"`;

exports[`/Users/rhys/src/renovatebot/renovate/lib/manager/npm/update/package-version .bumpPackageVersion() mirrors 1`] = `"{\\"name\\":\\"some-package\\",\\"version\\":\\"2.4.2\\",\\"dependencies\\":{\\"chalk\\":\\"2.4.2\\"}}"`;

exports[`/Users/rhys/src/renovatebot/renovate/lib/manager/npm/update/package-version .bumpPackageVersion() updates 1`] = `"{\\"name\\":\\"some-package\\",\\"version\\":\\"0.1.0\\",\\"dependencies\\":{\\"chalk\\":\\"2.4.2\\"}}"`;
